******************************************************************************
                  MSP430 Linker PC v21.6.2                     
******************************************************************************
>> Linked Wed Jul  8 19:41:22 2026

OUTPUT FILE NAME:   <projeto-final.out>
ENTRY POINT SYMBOL: "_c_int00_noargs"  address: 0000ca1e


MEMORY CONFIGURATION

         name            origin    length      used     unused   attr    fill
----------------------  --------  ---------  --------  --------  ----  --------
  SFR                   00000000   00000010  00000000  00000010  RWIX
  PERIPHERALS_8BIT      00000010   000000f0  00000000  000000f0  RWIX
  PERIPHERALS_16BIT     00000100   00000100  00000000  00000100  RWIX
  RAM                   00000200   00000200  000000b5  0000014b  RWIX
  INFOD                 00001000   00000040  00000000  00000040  RWIX
  INFOC                 00001040   00000040  00000000  00000040  RWIX
  INFOB                 00001080   00000040  00000000  00000040  RWIX
  INFOA                 000010c0   00000040  00000000  00000040  RWIX
  FLASH                 0000c000   00003fde  00000b86  00003458  RWIX
  BSLSIGNATURE          0000ffde   00000002  00000002  00000000  RWIX  ffff 
  INT00                 0000ffe0   00000002  00000002  00000000  RWIX
  INT01                 0000ffe2   00000002  00000000  00000002  RWIX
  INT02                 0000ffe4   00000002  00000002  00000000  RWIX
  INT03                 0000ffe6   00000002  00000002  00000000  RWIX
  INT04                 0000ffe8   00000002  00000000  00000002  RWIX
  INT05                 0000ffea   00000002  00000002  00000000  RWIX
  INT06                 0000ffec   00000002  00000002  00000000  RWIX
  INT07                 0000ffee   00000002  00000002  00000000  RWIX
  INT08                 0000fff0   00000002  00000002  00000000  RWIX
  INT09                 0000fff2   00000002  00000002  00000000  RWIX
  INT10                 0000fff4   00000002  00000002  00000000  RWIX
  INT11                 0000fff6   00000002  00000002  00000000  RWIX
  INT12                 0000fff8   00000002  00000002  00000000  RWIX
  INT13                 0000fffa   00000002  00000002  00000000  RWIX
  INT14                 0000fffc   00000002  00000002  00000000  RWIX
  RESET                 0000fffe   00000002  00000002  00000000  RWIX


SECTION ALLOCATION MAP

 output                                  attributes/
section   page    origin      length       input sections
--------  ----  ----------  ----------   ----------------
.bss       0    00000200    00000044     UNINITIALIZED
                  00000200    00000040     (.common:amostrasDistancia)
                  00000240    00000004     (.common:volumeTotal)

.data      0    00000244    00000021     UNINITIALIZED
                  00000244    00000021     main.obj (.data)

.stack     0    000003b0    00000050     UNINITIALIZED
                  000003b0    00000002     rts430_eabi.lib : boot.c.obj (.stack)
                  000003b2    0000004e     --HOLE--

.text      0    0000c000    00000afa     
                  0000c000    00000132     rts430_eabi.lib : fs_add.asm.obj (.text)
                  0000c132    0000012e     main.obj (.text:uart_write_float)
                  0000c260    000000f4     main.obj (.text:main)
                  0000c354    000000c4     rts430_eabi.lib : fs_mpy.asm.obj (.text)
                  0000c418    0000009c                     : fs_div.asm.obj (.text)
                  0000c4b4    0000007e                     : fs_tol.asm.obj (.text)
                  0000c532    0000007c                     : copy_decompress_lzss.c.obj (.text:decompress:lzss:__TI_decompress_lzss)
                  0000c5ae    00000070     main.obj (.text:calcularVolume)
                  0000c61e    00000058     rts430_eabi.lib : div32u.asm.obj (.text)
                  0000c676    00000050     main.obj (.text:RTI_Captura_Echo)
                  0000c6c6    00000050     main.obj (.text:atualizar_leds)
                  0000c716    0000004c     rts430_eabi.lib : lsr16.asm.obj (.text)
                  0000c762    0000004a                     : fs_cmp.asm.obj (.text)
                  0000c7ac    0000004a                     : fs_ltof.asm.obj (.text)
                  0000c7f6    00000046     main.obj (.text:ini_P1_P2)
                  0000c83c    00000046     rts430_eabi.lib : fs_tou.asm.obj (.text)
                  0000c882    00000042                     : autoinit.c.obj (.text:__TI_auto_init_nobinit_nopinit:__TI_auto_init_nobinit_nopinit)
                  0000c8c4    00000042     main.obj (.text:controlarBomba)
                  0000c906    00000040     rts430_eabi.lib : div32s.asm.obj (.text)
                  0000c946    0000003e     main.obj (.text:calcularMedia)
                  0000c984    00000032     rts430_eabi.lib : fs_ultof.asm.obj (.text)
                  0000c9b6    0000002c                     : lsl16.asm.obj (.text)
                  0000c9e2    0000001e     main.obj (.text:ini_Timer0_PWM_Trigger)
                  0000ca00    0000001e     main.obj (.text:ini_UART)
                  0000ca1e    0000001c     rts430_eabi.lib : boot.c.obj (.text:_c_int00_noargs)
                  0000ca3a    00000018     main.obj (.text:ini_uCon)
                  0000ca52    00000016     rts430_eabi.lib : div16u.asm.obj (.text)
                  0000ca68    00000014                     : copy_zero_init.c.obj (.text:decompress:ZI:__TI_zero_init_nomemset:__TI_zero_init_nomemset)
                  0000ca7c    00000012                     : copy_decompress_none.c.obj (.text:decompress:none:__TI_decompress_none)
                  0000ca8e    00000012                     : memcpy.c.obj (.text:memcpy)
                  0000caa0    00000012     main.obj (.text:uart_write_str)
                  0000cab2    00000010     rts430_eabi.lib : epilog.asm.obj (.text)
                  0000cac2    0000000e     main.obj (.text:ini_Timer1_Captura_Echo)
                  0000cad0    0000000c     main.obj (.text:uart_write_char)
                  0000cadc    0000000a     rts430_eabi.lib : fs_neg.asm.obj (.text)
                  0000cae6    00000008                     : isr_trap.asm.obj (.text:_isr:__TI_ISR_TRAP)
                  0000caee    00000006                     : exit.c.obj (.text:abort)
                  0000caf4    00000004                     : pre_init.c.obj (.text:_system_pre_init)
                  0000caf8    00000002                     : startup.c.obj (.text:_system_post_cinit)

.const     0    0000cafa    00000064     
                  0000cafa    00000054     main.obj (.const:.string)
                  0000cb4e    00000008     main.obj (.const:.string:led_p1$2)
                  0000cb56    00000008     main.obj (.const:.string:led_p2$1)

.cinit     0    0000cb5e    00000028     
                  0000cb5e    00000016     (.cinit..data.load) [load image, compression = lzss]
                  0000cb74    00000006     (__TI_handler_table)
                  0000cb7a    00000004     (.cinit..bss.load) [load image, compression = zero_init]
                  0000cb7e    00000008     (__TI_cinit_table)

.binit     0    0000c000    00000000     

.init_array 
*          0    0000c000    00000000     UNINITIALIZED

TRAPINT    0    0000ffe0    00000002     
                  0000ffe0    00000002     rts430_eabi.lib : int00.asm.obj (.int00)

PORT1      0    0000ffe4    00000002     
                  0000ffe4    00000002     rts430_eabi.lib : int02.asm.obj (.int02)

PORT2      0    0000ffe6    00000002     
                  0000ffe6    00000002     rts430_eabi.lib : int03.asm.obj (.int03)

ADC10      0    0000ffea    00000002     
                  0000ffea    00000002     rts430_eabi.lib : int05.asm.obj (.int05)

USCIAB0TX 
*          0    0000ffec    00000002     
                  0000ffec    00000002     rts430_eabi.lib : int06.asm.obj (.int06)

USCIAB0RX 
*          0    0000ffee    00000002     
                  0000ffee    00000002     rts430_eabi.lib : int07.asm.obj (.int07)

TIMER0_A1 
*          0    0000fff0    00000002     
                  0000fff0    00000002     rts430_eabi.lib : int08.asm.obj (.int08)

TIMER0_A0 
*          0    0000fff2    00000002     
                  0000fff2    00000002     rts430_eabi.lib : int09.asm.obj (.int09)

WDT        0    0000fff4    00000002     
                  0000fff4    00000002     rts430_eabi.lib : int10.asm.obj (.int10)

COMPARATORA 
*          0    0000fff6    00000002     
                  0000fff6    00000002     rts430_eabi.lib : int11.asm.obj (.int11)

TIMER1_A1 
*          0    0000fff8    00000002     
                  0000fff8    00000002     main.obj (.int12)

TIMER1_A0 
*          0    0000fffa    00000002     
                  0000fffa    00000002     rts430_eabi.lib : int13.asm.obj (.int13)

NMI        0    0000fffc    00000002     
                  0000fffc    00000002     rts430_eabi.lib : int14.asm.obj (.int14)

.reset     0    0000fffe    00000002     
                  0000fffe    00000002     rts430_eabi.lib : boot.c.obj (.reset)

$fill000   0    0000ffde    00000002     
                  0000ffde    00000002     --HOLE-- [fill = ffff]

MODULE SUMMARY

       Module                       code   ro data   rw data
       ------                       ----   -------   -------
    .\
       main.obj                     1144   102       101    
    +--+----------------------------+------+---------+---------+
       Total:                       1144   102       101    
                                                            
    F:\ccs\tools\compiler\ti-cgt-msp430_21.6.2.LTS\lib\rts430_eabi.lib
       fs_add.asm.obj               306    0         0      
       fs_mpy.asm.obj               196    0         0      
       fs_div.asm.obj               156    0         0      
       fs_tol.asm.obj               126    0         0      
       copy_decompress_lzss.c.obj   124    0         0      
       div32u.asm.obj               88     0         0      
       lsr16.asm.obj                76     0         0      
       fs_cmp.asm.obj               74     0         0      
       fs_ltof.asm.obj              74     0         0      
       fs_tou.asm.obj               70     0         0      
       autoinit.c.obj               66     0         0      
       div32s.asm.obj               64     0         0      
       fs_ultof.asm.obj             50     0         0      
       lsl16.asm.obj                44     0         0      
       boot.c.obj                   28     2         0      
       div16u.asm.obj               22     0         0      
       copy_zero_init.c.obj         20     0         0      
       copy_decompress_none.c.obj   18     0         0      
       memcpy.c.obj                 18     0         0      
       epilog.asm.obj               16     0         0      
       fs_neg.asm.obj               10     0         0      
       isr_trap.asm.obj             8      0         0      
       exit.c.obj                   6      0         0      
       pre_init.c.obj               4      0         0      
       int00.asm.obj                0      2         0      
       int02.asm.obj                0      2         0      
       int03.asm.obj                0      2         0      
       int05.asm.obj                0      2         0      
       int06.asm.obj                0      2         0      
       int07.asm.obj                0      2         0      
       int08.asm.obj                0      2         0      
       int09.asm.obj                0      2         0      
       int10.asm.obj                0      2         0      
       int11.asm.obj                0      2         0      
       int13.asm.obj                0      2         0      
       int14.asm.obj                0      2         0      
       startup.c.obj                2      0         0      
    +--+----------------------------+------+---------+---------+
       Total:                       1666   26        0      
                                                            
       Stack:                       0      0         80     
       Linker Generated:            0      40        0      
    +--+----------------------------+------+---------+---------+
       Grand Total:                 2810   168       181    


LINKER GENERATED COPY TABLES

__TI_cinit_table @ 0000cb7e records: 2, size/record: 4, table size: 8
	.data: load addr=0000cb5e, load size=00000016 bytes, run addr=00000244, run size=00000021 bytes, compression=lzss
	.bss: load addr=0000cb7a, load size=00000004 bytes, run addr=00000200, run size=00000044 bytes, compression=zero_init


LINKER GENERATED HANDLER TABLE

__TI_handler_table @ 0000cb74 records: 3, size/record: 2, table size: 6
	index: 0, handler: __TI_zero_init
	index: 1, handler: __TI_decompress_lzss
	index: 2, handler: __TI_decompress_none


GLOBAL SYMBOLS: SORTED ALPHABETICALLY BY Name 

address   name                          
-------   ----                          
0000004a  ADC10AE0                      
000001b0  ADC10CTL0                     
000001b2  ADC10CTL1                     
00000048  ADC10DTC0                     
00000049  ADC10DTC1                     
000001b4  ADC10MEM                      
000001bc  ADC10SA                       
00000057  BCSCTL1                       
00000058  BCSCTL2                       
00000053  BCSCTL3                       
0000caee  C$$EXIT                       
00000059  CACTL1                        
0000005a  CACTL2                        
000010fb  CALBC1_12MHZ                  
000010f9  CALBC1_16MHZ                  
000010ff  CALBC1_1MHZ                   
000010fd  CALBC1_8MHZ                   
000010fa  CALDCO_12MHZ                  
000010f8  CALDCO_16MHZ                  
000010fe  CALDCO_1MHZ                   
000010fc  CALDCO_8MHZ                   
0000005b  CAPD                          
00000056  DCOCTL                        
00000128  FCTL1                         
0000012a  FCTL2                         
0000012c  FCTL3                         
00000000  IE1                           
00000001  IE2                           
00000002  IFG1                          
00000003  IFG2                          
00000022  P1DIR                         
00000025  P1IE                          
00000024  P1IES                         
00000023  P1IFG                         
00000020  P1IN                          
00000021  P1OUT                         
00000027  P1REN                         
00000026  P1SEL                         
00000041  P1SEL2                        
0000002a  P2DIR                         
0000002d  P2IE                          
0000002c  P2IES                         
0000002b  P2IFG                         
00000028  P2IN                          
00000029  P2OUT                         
0000002f  P2REN                         
0000002e  P2SEL                         
00000042  P2SEL2                        
0000001a  P3DIR                         
00000018  P3IN                          
00000019  P3OUT                         
00000010  P3REN                         
0000001b  P3SEL                         
00000043  P3SEL2                        
0000c676  RTI_Captura_Echo              
00000172  TA0CCR0                       
00000174  TA0CCR1                       
00000176  TA0CCR2                       
00000162  TA0CCTL0                      
00000164  TA0CCTL1                      
00000166  TA0CCTL2                      
00000160  TA0CTL                        
0000012e  TA0IV                         
00000170  TA0R                          
00000192  TA1CCR0                       
00000194  TA1CCR1                       
00000196  TA1CCR2                       
00000182  TA1CCTL0                      
00000184  TA1CCTL1                      
00000186  TA1CCTL2                      
00000180  TA1CTL                        
0000011e  TA1IV                         
00000190  TA1R                          
000010db  TLV_ADC10_1_LEN               
000010da  TLV_ADC10_1_TAG               
000010c0  TLV_CHECKSUM                  
000010f7  TLV_DCO_30_LEN                
000010f6  TLV_DCO_30_TAG                
0000005d  UCA0ABCTL                     
00000062  UCA0BR0                       
00000063  UCA0BR1                       
00000060  UCA0CTL0                      
00000061  UCA0CTL1                      
0000005f  UCA0IRRCTL                    
0000005e  UCA0IRTCTL                    
00000064  UCA0MCTL                      
00000066  UCA0RXBUF                     
00000065  UCA0STAT                      
00000067  UCA0TXBUF                     
0000006a  UCB0BR0                       
0000006b  UCB0BR1                       
00000068  UCB0CTL0                      
00000069  UCB0CTL1                      
0000006c  UCB0I2CIE                     
00000118  UCB0I2COA                     
0000011a  UCB0I2CSA                     
0000006e  UCB0RXBUF                     
0000006d  UCB0STAT                      
0000006f  UCB0TXBUF                     
00000120  WDTCTL                        
00000400  __STACK_END                   
00000050  __STACK_SIZE                  
0000cb7e  __TI_CINIT_Base               
0000cb86  __TI_CINIT_Limit              
0000cb86  __TI_CINIT_Warm               
0000cb74  __TI_Handler_Table_Base       
0000cb7a  __TI_Handler_Table_Limit      
0000cae6  __TI_ISR_TRAP                 
0000c882  __TI_auto_init_nobinit_nopinit
0000c532  __TI_decompress_lzss          
0000ca7c  __TI_decompress_none          
0000ffe0  __TI_int00                    
0000ffe4  __TI_int02                    
0000ffe6  __TI_int03                    
0000ffea  __TI_int05                    
0000ffec  __TI_int06                    
0000ffee  __TI_int07                    
0000fff0  __TI_int08                    
0000fff2  __TI_int09                    
0000fff4  __TI_int10                    
0000fff6  __TI_int11                    
0000fff8  __TI_int12                    
0000fffa  __TI_int13                    
0000fffc  __TI_int14                    
ffffffff  __TI_pprof_out_hndl           
ffffffff  __TI_prof_data_size           
ffffffff  __TI_prof_data_start          
0000ca68  __TI_zero_init_nomemset       
ffffffff  __c_args__                    
0000c006  __mspabi_addf                 
0000c762  __mspabi_cmpf                 
0000c418  __mspabi_divf                 
0000c906  __mspabi_divli                
0000ca52  __mspabi_divu                 
0000c61e  __mspabi_divul                
0000c4b4  __mspabi_fixfli               
0000c83c  __mspabi_fixfu                
0000c7ac  __mspabi_fltlif               
0000c984  __mspabi_fltulf               
0000cabe  __mspabi_func_epilog_1        
0000cabc  __mspabi_func_epilog_2        
0000caba  __mspabi_func_epilog_3        
0000cab8  __mspabi_func_epilog_4        
0000cab6  __mspabi_func_epilog_5        
0000cab4  __mspabi_func_epilog_6        
0000cab2  __mspabi_func_epilog_7        
0000c354  __mspabi_mpyf                 
0000cadc  __mspabi_negf                 
0000c906  __mspabi_remli                
0000ca52  __mspabi_remu                 
0000c61e  __mspabi_remul                
0000c9b6  __mspabi_slli                 
0000c9de  __mspabi_slli_1               
0000c9cc  __mspabi_slli_10              
0000c9ca  __mspabi_slli_11              
0000c9c8  __mspabi_slli_12              
0000c9c6  __mspabi_slli_13              
0000c9c4  __mspabi_slli_14              
0000c9c2  __mspabi_slli_15              
0000c9dc  __mspabi_slli_2               
0000c9da  __mspabi_slli_3               
0000c9d8  __mspabi_slli_4               
0000c9d6  __mspabi_slli_5               
0000c9d4  __mspabi_slli_6               
0000c9d2  __mspabi_slli_7               
0000c9d0  __mspabi_slli_8               
0000c9ce  __mspabi_slli_9               
0000c716  __mspabi_srli                 
0000c75c  __mspabi_srli_1               
0000c738  __mspabi_srli_10              
0000c734  __mspabi_srli_11              
0000c730  __mspabi_srli_12              
0000c72c  __mspabi_srli_13              
0000c728  __mspabi_srli_14              
0000c724  __mspabi_srli_15              
0000c758  __mspabi_srli_2               
0000c754  __mspabi_srli_3               
0000c750  __mspabi_srli_4               
0000c74c  __mspabi_srli_5               
0000c748  __mspabi_srli_6               
0000c744  __mspabi_srli_7               
0000c740  __mspabi_srli_8               
0000c73c  __mspabi_srli_9               
0000c000  __mspabi_subf                 
0000ca1e  _c_int00_noargs               
0000fffe  _reset_vector                 
000003b0  _stack                        
0000caf8  _system_post_cinit            
0000caf4  _system_pre_init              
0000caee  abort                         
00000258  alturaTotal                   
0000024a  amostraPronta                 
00000200  amostrasDistancia             
0000c6c6  atualizar_leds                
00000264  bombaLigada                   
0000c946  calcularMedia                 
0000c5ae  calcularVolume                
0000c8c4  controlarBomba                
00000248  indexAtual                    
0000c7f6  ini_P1_P2                     
0000c9e2  ini_Timer0_PWM_Trigger        
0000cac2  ini_Timer1_Captura_Echo       
0000ca00  ini_UART                      
0000ca3a  ini_uCon                      
00000246  largura                       
0000c260  main                          
00000250  mediaAtual                    
0000ca8e  memcpy                        
00000254  raio                          
00000244  t_subida                      
0000cad0  uart_write_char               
0000c132  uart_write_float              
0000caa0  uart_write_str                
0000024c  volumeAtual                   
00000260  volumeMaximo                  
0000025c  volumeMinimo                  
00000240  volumeTotal                   


GLOBAL SYMBOLS: SORTED BY Symbol Address 

address   name                          
-------   ----                          
00000000  IE1                           
00000001  IE2                           
00000002  IFG1                          
00000003  IFG2                          
00000010  P3REN                         
00000018  P3IN                          
00000019  P3OUT                         
0000001a  P3DIR                         
0000001b  P3SEL                         
00000020  P1IN                          
00000021  P1OUT                         
00000022  P1DIR                         
00000023  P1IFG                         
00000024  P1IES                         
00000025  P1IE                          
00000026  P1SEL                         
00000027  P1REN                         
00000028  P2IN                          
00000029  P2OUT                         
0000002a  P2DIR                         
0000002b  P2IFG                         
0000002c  P2IES                         
0000002d  P2IE                          
0000002e  P2SEL                         
0000002f  P2REN                         
00000041  P1SEL2                        
00000042  P2SEL2                        
00000043  P3SEL2                        
00000048  ADC10DTC0                     
00000049  ADC10DTC1                     
0000004a  ADC10AE0                      
00000050  __STACK_SIZE                  
00000053  BCSCTL3                       
00000056  DCOCTL                        
00000057  BCSCTL1                       
00000058  BCSCTL2                       
00000059  CACTL1                        
0000005a  CACTL2                        
0000005b  CAPD                          
0000005d  UCA0ABCTL                     
0000005e  UCA0IRTCTL                    
0000005f  UCA0IRRCTL                    
00000060  UCA0CTL0                      
00000061  UCA0CTL1                      
00000062  UCA0BR0                       
00000063  UCA0BR1                       
00000064  UCA0MCTL                      
00000065  UCA0STAT                      
00000066  UCA0RXBUF                     
00000067  UCA0TXBUF                     
00000068  UCB0CTL0                      
00000069  UCB0CTL1                      
0000006a  UCB0BR0                       
0000006b  UCB0BR1                       
0000006c  UCB0I2CIE                     
0000006d  UCB0STAT                      
0000006e  UCB0RXBUF                     
0000006f  UCB0TXBUF                     
00000118  UCB0I2COA                     
0000011a  UCB0I2CSA                     
0000011e  TA1IV                         
00000120  WDTCTL                        
00000128  FCTL1                         
0000012a  FCTL2                         
0000012c  FCTL3                         
0000012e  TA0IV                         
00000160  TA0CTL                        
00000162  TA0CCTL0                      
00000164  TA0CCTL1                      
00000166  TA0CCTL2                      
00000170  TA0R                          
00000172  TA0CCR0                       
00000174  TA0CCR1                       
00000176  TA0CCR2                       
00000180  TA1CTL                        
00000182  TA1CCTL0                      
00000184  TA1CCTL1                      
00000186  TA1CCTL2                      
00000190  TA1R                          
00000192  TA1CCR0                       
00000194  TA1CCR1                       
00000196  TA1CCR2                       
000001b0  ADC10CTL0                     
000001b2  ADC10CTL1                     
000001b4  ADC10MEM                      
000001bc  ADC10SA                       
00000200  amostrasDistancia             
00000240  volumeTotal                   
00000244  t_subida                      
00000246  largura                       
00000248  indexAtual                    
0000024a  amostraPronta                 
0000024c  volumeAtual                   
00000250  mediaAtual                    
00000254  raio                          
00000258  alturaTotal                   
0000025c  volumeMinimo                  
00000260  volumeMaximo                  
00000264  bombaLigada                   
000003b0  _stack                        
00000400  __STACK_END                   
000010c0  TLV_CHECKSUM                  
000010da  TLV_ADC10_1_TAG               
000010db  TLV_ADC10_1_LEN               
000010f6  TLV_DCO_30_TAG                
000010f7  TLV_DCO_30_LEN                
000010f8  CALDCO_16MHZ                  
000010f9  CALBC1_16MHZ                  
000010fa  CALDCO_12MHZ                  
000010fb  CALBC1_12MHZ                  
000010fc  CALDCO_8MHZ                   
000010fd  CALBC1_8MHZ                   
000010fe  CALDCO_1MHZ                   
000010ff  CALBC1_1MHZ                   
0000c000  __mspabi_subf                 
0000c006  __mspabi_addf                 
0000c132  uart_write_float              
0000c260  main                          
0000c354  __mspabi_mpyf                 
0000c418  __mspabi_divf                 
0000c4b4  __mspabi_fixfli               
0000c532  __TI_decompress_lzss          
0000c5ae  calcularVolume                
0000c61e  __mspabi_divul                
0000c61e  __mspabi_remul                
0000c676  RTI_Captura_Echo              
0000c6c6  atualizar_leds                
0000c716  __mspabi_srli                 
0000c724  __mspabi_srli_15              
0000c728  __mspabi_srli_14              
0000c72c  __mspabi_srli_13              
0000c730  __mspabi_srli_12              
0000c734  __mspabi_srli_11              
0000c738  __mspabi_srli_10              
0000c73c  __mspabi_srli_9               
0000c740  __mspabi_srli_8               
0000c744  __mspabi_srli_7               
0000c748  __mspabi_srli_6               
0000c74c  __mspabi_srli_5               
0000c750  __mspabi_srli_4               
0000c754  __mspabi_srli_3               
0000c758  __mspabi_srli_2               
0000c75c  __mspabi_srli_1               
0000c762  __mspabi_cmpf                 
0000c7ac  __mspabi_fltlif               
0000c7f6  ini_P1_P2                     
0000c83c  __mspabi_fixfu                
0000c882  __TI_auto_init_nobinit_nopinit
0000c8c4  controlarBomba                
0000c906  __mspabi_divli                
0000c906  __mspabi_remli                
0000c946  calcularMedia                 
0000c984  __mspabi_fltulf               
0000c9b6  __mspabi_slli                 
0000c9c2  __mspabi_slli_15              
0000c9c4  __mspabi_slli_14              
0000c9c6  __mspabi_slli_13              
0000c9c8  __mspabi_slli_12              
0000c9ca  __mspabi_slli_11              
0000c9cc  __mspabi_slli_10              
0000c9ce  __mspabi_slli_9               
0000c9d0  __mspabi_slli_8               
0000c9d2  __mspabi_slli_7               
0000c9d4  __mspabi_slli_6               
0000c9d6  __mspabi_slli_5               
0000c9d8  __mspabi_slli_4               
0000c9da  __mspabi_slli_3               
0000c9dc  __mspabi_slli_2               
0000c9de  __mspabi_slli_1               
0000c9e2  ini_Timer0_PWM_Trigger        
0000ca00  ini_UART                      
0000ca1e  _c_int00_noargs               
0000ca3a  ini_uCon                      
0000ca52  __mspabi_divu                 
0000ca52  __mspabi_remu                 
0000ca68  __TI_zero_init_nomemset       
0000ca7c  __TI_decompress_none          
0000ca8e  memcpy                        
0000caa0  uart_write_str                
0000cab2  __mspabi_func_epilog_7        
0000cab4  __mspabi_func_epilog_6        
0000cab6  __mspabi_func_epilog_5        
0000cab8  __mspabi_func_epilog_4        
0000caba  __mspabi_func_epilog_3        
0000cabc  __mspabi_func_epilog_2        
0000cabe  __mspabi_func_epilog_1        
0000cac2  ini_Timer1_Captura_Echo       
0000cad0  uart_write_char               
0000cadc  __mspabi_negf                 
0000cae6  __TI_ISR_TRAP                 
0000caee  C$$EXIT                       
0000caee  abort                         
0000caf4  _system_pre_init              
0000caf8  _system_post_cinit            
0000cb74  __TI_Handler_Table_Base       
0000cb7a  __TI_Handler_Table_Limit      
0000cb7e  __TI_CINIT_Base               
0000cb86  __TI_CINIT_Limit              
0000cb86  __TI_CINIT_Warm               
0000ffe0  __TI_int00                    
0000ffe4  __TI_int02                    
0000ffe6  __TI_int03                    
0000ffea  __TI_int05                    
0000ffec  __TI_int06                    
0000ffee  __TI_int07                    
0000fff0  __TI_int08                    
0000fff2  __TI_int09                    
0000fff4  __TI_int10                    
0000fff6  __TI_int11                    
0000fff8  __TI_int12                    
0000fffa  __TI_int13                    
0000fffc  __TI_int14                    
0000fffe  _reset_vector                 
ffffffff  __TI_pprof_out_hndl           
ffffffff  __TI_prof_data_size           
ffffffff  __TI_prof_data_start          
ffffffff  __c_args__                    

[217 symbols]
